// Jest Snapshot v1, https://goo.gl/fbAQLP

exports[`Header snapshot 1`] = `
<View
  style={
    Object {
      "backgroundColor": "coral",
      "height": 80,
      "paddingTop": 38,
    }
  }
>
  <Text
    style={
      Object {
        "color": "#fff",
        "fontSize": 20,
        "fontWeight": "bold",
        "textAlign": "center",
      }
    }
  >
    My Todos
  </Text>
</View>
`;
